#AHAU_MPI nproc=128 seed_base=1134002 wc_eV=2.7000000000000002e+00 eta=2.9999999999999999e-07 delE_eV=-1.7194874968839816e+01 nstep=8000 dt=0.5
#AHAU_BASIS mode=path-local full_determinant_basis=skipped
#SEP_MB_ALGORITHM fock_mode=0 selected=stochastic-poisson fock_states=384 estimated_fock_work_mib=2726675.156250 auto_fock_max_mib=256.000000
#SEP_MB_REFERENCE requested_distance=3 selected_distance=3 active=1 states=715136 max_states=800000 fock_states=384 estimated_work_mib=8380.500000
#SEP_MB_REFERENCE_CACHE loaded=1 rows=8001 parameter_key_and_checksum=verified
#SEP_MB_REFERENCE_ENCODING compact=1 bytes_per_state=8
#SEP_MB_TIMING reference_seconds=0.102428 reference_mpi=1 local_fock=3
#SEP_MB_PROGRESS phase=sampling master_completed=0 master_total=7812 elapsed_seconds=0.029163
#SEP_MB_PROGRESS phase=sampling master_completed=390 master_total=7812 elapsed_seconds=976.680801
#SEP_MB_PROGRESS phase=sampling master_completed=780 master_total=7812 elapsed_seconds=1960.400187
#SEP_MB_PROGRESS phase=sampling master_completed=1170 master_total=7812 elapsed_seconds=2942.528104
#SEP_MB_PROGRESS phase=sampling master_completed=1560 master_total=7812 elapsed_seconds=3923.550041
#SEP_MB_PROGRESS phase=sampling master_completed=1950 master_total=7812 elapsed_seconds=4913.067486
#SEP_MB_PROGRESS phase=sampling master_completed=2340 master_total=7812 elapsed_seconds=5892.718550
#SEP_MB_PROGRESS phase=sampling master_completed=2730 master_total=7812 elapsed_seconds=6877.253073
#SEP_MB_PROGRESS phase=sampling master_completed=3120 master_total=7812 elapsed_seconds=7854.558677
#SEP_MB_PROGRESS phase=sampling master_completed=3510 master_total=7812 elapsed_seconds=8840.664074
#SEP_MB_PROGRESS phase=sampling master_completed=3900 master_total=7812 elapsed_seconds=9829.677740
#SEP_MB_PROGRESS phase=sampling master_completed=4290 master_total=7812 elapsed_seconds=10816.250466
#SEP_MB_PROGRESS phase=sampling master_completed=4680 master_total=7812 elapsed_seconds=11796.423873
#SEP_MB_PROGRESS phase=sampling master_completed=5070 master_total=7812 elapsed_seconds=12772.810599
#SEP_MB_PROGRESS phase=sampling master_completed=5460 master_total=7812 elapsed_seconds=13772.387684
#SEP_MB_PROGRESS phase=sampling master_completed=5850 master_total=7812 elapsed_seconds=14748.439177
#SEP_MB_PROGRESS phase=sampling master_completed=6240 master_total=7812 elapsed_seconds=15729.959129
#SEP_MB_PROGRESS phase=sampling master_completed=6630 master_total=7812 elapsed_seconds=16707.788553
#SEP_MB_PROGRESS phase=sampling master_completed=7020 master_total=7812 elapsed_seconds=17691.328891
#SEP_MB_PROGRESS phase=sampling master_completed=7410 master_total=7812 elapsed_seconds=18678.250079
#SEP_MB_PROGRESS phase=sampling master_completed=7800 master_total=7812 elapsed_seconds=19655.432968
#SEP_MB_PROGRESS phase=sampling master_completed=7812 master_total=7812 elapsed_seconds=19685.563953
#SEP_MB_TIMING sampling_seconds=21487.306146 skipped_zero_reference=23060466458
#SEP_MB_RESOURCE max_rank_peak_rss_kb=21796 ranks=128
#SEP_MB_RESOURCE sum_rank_peak_rss_kb=2520044 (sum of individual peaks, not simultaneous RSS)
