#AHAU_MPI nproc=128 seed_base=1159001 wc_eV=2.7000000000000002e+00 eta=2.9999999999999999e-07 delE_eV=-1.7194874968839816e+01 nstep=8000 dt=0.5
#AHAU_BASIS mode=path-local full_determinant_basis=skipped
#SEP_MB_ALGORITHM fock_mode=0 selected=stochastic-poisson fock_states=384 estimated_fock_work_mib=2726675.156250 auto_fock_max_mib=256.000000
#SEP_MB_REFERENCE requested_distance=3 selected_distance=3 active=1 states=715136 max_states=800000 fock_states=384 estimated_work_mib=8380.500000
#SEP_MB_REFERENCE_CACHE loaded=1 rows=8001 parameter_key_and_checksum=verified
#SEP_MB_REFERENCE_ENCODING compact=1 bytes_per_state=8
#SEP_MB_TIMING reference_seconds=0.095944 reference_mpi=1 local_fock=3
#SEP_MB_PROGRESS phase=sampling master_completed=0 master_total=781 elapsed_seconds=0.026500
#SEP_MB_PROGRESS phase=sampling master_completed=39 master_total=781 elapsed_seconds=100.511820
#SEP_MB_PROGRESS phase=sampling master_completed=78 master_total=781 elapsed_seconds=200.484873
#SEP_MB_PROGRESS phase=sampling master_completed=117 master_total=781 elapsed_seconds=299.352099
#SEP_MB_PROGRESS phase=sampling master_completed=156 master_total=781 elapsed_seconds=397.301539
#SEP_MB_PROGRESS phase=sampling master_completed=195 master_total=781 elapsed_seconds=496.721814
#SEP_MB_PROGRESS phase=sampling master_completed=234 master_total=781 elapsed_seconds=590.757798
#SEP_MB_PROGRESS phase=sampling master_completed=273 master_total=781 elapsed_seconds=692.917818
#SEP_MB_PROGRESS phase=sampling master_completed=312 master_total=781 elapsed_seconds=789.569289
#SEP_MB_PROGRESS phase=sampling master_completed=351 master_total=781 elapsed_seconds=887.895160
#SEP_MB_PROGRESS phase=sampling master_completed=390 master_total=781 elapsed_seconds=988.422677
#SEP_MB_PROGRESS phase=sampling master_completed=429 master_total=781 elapsed_seconds=1087.500206
#SEP_MB_PROGRESS phase=sampling master_completed=468 master_total=781 elapsed_seconds=1185.310137
#SEP_MB_PROGRESS phase=sampling master_completed=507 master_total=781 elapsed_seconds=1282.234458
#SEP_MB_PROGRESS phase=sampling master_completed=546 master_total=781 elapsed_seconds=1381.443181
#SEP_MB_PROGRESS phase=sampling master_completed=585 master_total=781 elapsed_seconds=1478.348796
#SEP_MB_PROGRESS phase=sampling master_completed=624 master_total=781 elapsed_seconds=1575.609580
#SEP_MB_PROGRESS phase=sampling master_completed=663 master_total=781 elapsed_seconds=1675.196703
#SEP_MB_PROGRESS phase=sampling master_completed=702 master_total=781 elapsed_seconds=1772.318031
#SEP_MB_PROGRESS phase=sampling master_completed=741 master_total=781 elapsed_seconds=1870.423693
#SEP_MB_PROGRESS phase=sampling master_completed=780 master_total=781 elapsed_seconds=1970.579951
#SEP_MB_PROGRESS phase=sampling master_completed=781 master_total=781 elapsed_seconds=1973.589886
#SEP_MB_TIMING sampling_seconds=2214.796725 skipped_zero_reference=2306678960
#SEP_MB_RESOURCE max_rank_peak_rss_kb=21664 ranks=128
#SEP_MB_RESOURCE sum_rank_peak_rss_kb=2509852 (sum of individual peaks, not simultaneous RSS)
