#AHAU_MPI nproc=4 seed_base=111001 wc_eV=2.7000000000000002e+00 eta=2.9999999999999999e-07 delE_eV=-1.7194874968839816e+01 nstep=200 dt=0.5
#AHAU_BASIS mode=path-local full_determinant_basis=skipped
#SEP_MB_ALGORITHM fock_mode=0 selected=stochastic-poisson fock_states=384 estimated_fock_work_mib=4.429688 auto_fock_max_mib=256.000000
#SEP_MB_REFERENCE requested_distance=3 selected_distance=3 active=1 states=246 max_states=800000 fock_states=384 estimated_work_mib=2.882812
#SEP_MB_REFERENCE_GRAPH storage=csr-real-gather edges=1210 metadata_mib=0.015732
#SEP_MB_PROGRESS phase=reference step=0 steps=200 time_au=0.00000000 elapsed_seconds=0.008308 norm=9.9999999999999944e-01
#SEP_MB_PROGRESS phase=reference step=200 steps=200 time_au=100.00000000 elapsed_seconds=2.336622 norm=9.9999999999999967e-01
#SEP_MB_REFERENCE_ENCODING compact=1 bytes_per_state=8
#SEP_MB_TIMING reference_seconds=2.348081 reference_mpi=1 local_fock=96
#SEP_MB_PROGRESS phase=sampling master_completed=0 master_total=250 elapsed_seconds=0.000444
#SEP_MB_PROGRESS phase=sampling master_completed=12 master_total=250 elapsed_seconds=0.006577
#SEP_MB_PROGRESS phase=sampling master_completed=24 master_total=250 elapsed_seconds=0.016665
#SEP_MB_PROGRESS phase=sampling master_completed=36 master_total=250 elapsed_seconds=0.024978
#SEP_MB_PROGRESS phase=sampling master_completed=48 master_total=250 elapsed_seconds=0.034648
#SEP_MB_PROGRESS phase=sampling master_completed=60 master_total=250 elapsed_seconds=0.040724
#SEP_MB_PROGRESS phase=sampling master_completed=72 master_total=250 elapsed_seconds=0.047443
#SEP_MB_PROGRESS phase=sampling master_completed=84 master_total=250 elapsed_seconds=0.054414
#SEP_MB_PROGRESS phase=sampling master_completed=96 master_total=250 elapsed_seconds=0.061199
#SEP_MB_PROGRESS phase=sampling master_completed=108 master_total=250 elapsed_seconds=0.067233
#SEP_MB_PROGRESS phase=sampling master_completed=120 master_total=250 elapsed_seconds=0.073302
#SEP_MB_PROGRESS phase=sampling master_completed=132 master_total=250 elapsed_seconds=0.080106
#SEP_MB_PROGRESS phase=sampling master_completed=144 master_total=250 elapsed_seconds=0.088049
#SEP_MB_PROGRESS phase=sampling master_completed=156 master_total=250 elapsed_seconds=0.096616
#SEP_MB_PROGRESS phase=sampling master_completed=168 master_total=250 elapsed_seconds=0.103827
#SEP_MB_PROGRESS phase=sampling master_completed=180 master_total=250 elapsed_seconds=0.110566
#SEP_MB_PROGRESS phase=sampling master_completed=192 master_total=250 elapsed_seconds=0.117200
#SEP_MB_PROGRESS phase=sampling master_completed=204 master_total=250 elapsed_seconds=0.124241
#SEP_MB_PROGRESS phase=sampling master_completed=216 master_total=250 elapsed_seconds=0.132663
#SEP_MB_PROGRESS phase=sampling master_completed=228 master_total=250 elapsed_seconds=0.140530
#SEP_MB_PROGRESS phase=sampling master_completed=240 master_total=250 elapsed_seconds=0.147913
#SEP_MB_PROGRESS phase=sampling master_completed=250 master_total=250 elapsed_seconds=0.153000
#SEP_MB_TIMING sampling_seconds=0.165766 skipped_zero_reference=816000
#SEP_MB_RESOURCE max_rank_peak_rss_kb=11188 ranks=4
#SEP_MB_RESOURCE sum_rank_peak_rss_kb=40708 (sum of individual peaks, not simultaneous RSS)
