#AHAU_MPI nproc=64 seed_base=116602 bath_model=semicircle wc_eV=4.0000000000000000e+00 eta_au2=5.4020507214803505e-05 eta_eV2=4.0000000000000001e-02 delE_eV=-1.7194874968839816e+01 nstep=5000 dt=0.5
#SEP_MB_ALGORITHM fock_mode=0 selected=stochastic-poisson fock_states=384 estimated_fock_work_mib=4.429688 auto_fock_max_mib=256.000000
#SEP_MB_REFERENCE requested_distance=4 selected_distance=4 active=1 states=252 max_states=800000 fock_states=384 estimated_work_mib=2.953125
#SEP_MB_REFERENCE_GRAPH storage=csr-uniform-signed edges=1260 metadata_mib=0.006737
#SEP_MB_PROGRESS phase=reference step=0 steps=5000 time_au=0.00000000 elapsed_seconds=0.005486 norm=9.9999999999999889e-01
#SEP_MB_PROGRESS phase=reference step=200 steps=5000 time_au=100.00000000 elapsed_seconds=0.311963 norm=9.9999999999995148e-01
#SEP_MB_PROGRESS phase=reference step=400 steps=5000 time_au=200.00000000 elapsed_seconds=0.626256 norm=9.9999999999992306e-01
#SEP_MB_PROGRESS phase=reference step=600 steps=5000 time_au=300.00000000 elapsed_seconds=0.923496 norm=9.9999999999989497e-01
#SEP_MB_PROGRESS phase=reference step=800 steps=5000 time_au=400.00000000 elapsed_seconds=1.233167 norm=9.9999999999987188e-01
#SEP_MB_PROGRESS phase=reference step=1000 steps=5000 time_au=500.00000000 elapsed_seconds=1.562144 norm=9.9999999999984934e-01
#SEP_MB_PROGRESS phase=reference step=1200 steps=5000 time_au=600.00000000 elapsed_seconds=1.874030 norm=9.9999999999982558e-01
#SEP_MB_PROGRESS phase=reference step=1400 steps=5000 time_au=700.00000000 elapsed_seconds=2.250630 norm=9.9999999999979727e-01
#SEP_MB_PROGRESS phase=reference step=1600 steps=5000 time_au=800.00000000 elapsed_seconds=2.667183 norm=9.9999999999976441e-01
#SEP_MB_PROGRESS phase=reference step=1800 steps=5000 time_au=900.00000000 elapsed_seconds=3.079448 norm=9.9999999999971578e-01
#SEP_MB_PROGRESS phase=reference step=2000 steps=5000 time_au=1000.00000000 elapsed_seconds=3.491909 norm=9.9999999999967704e-01
#SEP_MB_PROGRESS phase=reference step=2200 steps=5000 time_au=1100.00000000 elapsed_seconds=3.903676 norm=9.9999999999964917e-01
#SEP_MB_PROGRESS phase=reference step=2400 steps=5000 time_au=1200.00000000 elapsed_seconds=4.315833 norm=9.9999999999962841e-01
#SEP_MB_PROGRESS phase=reference step=2600 steps=5000 time_au=1300.00000000 elapsed_seconds=4.730511 norm=9.9999999999960798e-01
#SEP_MB_PROGRESS phase=reference step=2800 steps=5000 time_au=1400.00000000 elapsed_seconds=5.157245 norm=9.9999999999958056e-01
#SEP_MB_PROGRESS phase=reference step=3000 steps=5000 time_au=1500.00000000 elapsed_seconds=5.575010 norm=9.9999999999955469e-01
#SEP_MB_PROGRESS phase=reference step=3200 steps=5000 time_au=1600.00000000 elapsed_seconds=5.985721 norm=9.9999999999952804e-01
#SEP_MB_PROGRESS phase=reference step=3400 steps=5000 time_au=1700.00000000 elapsed_seconds=6.388680 norm=9.9999999999948508e-01
#SEP_MB_PROGRESS phase=reference step=3600 steps=5000 time_au=1800.00000000 elapsed_seconds=6.787629 norm=9.9999999999944200e-01
#SEP_MB_PROGRESS phase=reference step=3800 steps=5000 time_au=1900.00000000 elapsed_seconds=7.182854 norm=9.9999999999940969e-01
#SEP_MB_PROGRESS phase=reference step=4000 steps=5000 time_au=2000.00000000 elapsed_seconds=7.578646 norm=9.9999999999938272e-01
#SEP_MB_PROGRESS phase=reference step=4200 steps=5000 time_au=2100.00000000 elapsed_seconds=7.972921 norm=9.9999999999936018e-01
#SEP_MB_PROGRESS phase=reference step=4400 steps=5000 time_au=2200.00000000 elapsed_seconds=8.368170 norm=9.9999999999933764e-01
#SEP_MB_PROGRESS phase=reference step=4600 steps=5000 time_au=2300.00000000 elapsed_seconds=8.766502 norm=9.9999999999931644e-01
#SEP_MB_PROGRESS phase=reference step=4800 steps=5000 time_au=2400.00000000 elapsed_seconds=9.167661 norm=9.9999999999929001e-01
#SEP_MB_PROGRESS phase=reference step=5000 steps=5000 time_au=2500.00000000 elapsed_seconds=9.563276 norm=9.9999999999925360e-01
#SEP_MB_REFERENCE_ENCODING compact=1 bytes_per_state=8
#SEP_MB_TIMING reference_seconds=9.571586 reference_mpi=1 local_fock=6
#SEP_MB_PROGRESS phase=sampling master_completed=0 master_total=1 elapsed_seconds=0.009301
#SEP_MB_PROGRESS phase=sampling master_completed=1 master_total=1 elapsed_seconds=1.051974
#SEP_MB_TIMING sampling_seconds=42.828880 skipped_zero_reference=435601
#SEP_MB_RAW_DIAGNOSTICS max_raw_norm_error=7.4695805096780532e-13 max_particle_identity_error=5.3290705182007514e-15 directly_measured_rows=1252 output_rows=5001
#SEP_MB_RESOURCE max_rank_peak_rss_kb=14068 ranks=64
#SEP_MB_RESOURCE sum_rank_peak_rss_kb=783408 (sum of individual peaks, not simultaneous RSS)
