#AHAU_MPI nproc=128 seed_base=1159002 wc_eV=2.7000000000000002e+00 eta=2.9999999999999999e-07 delE_eV=-1.7194874968839816e+01 nstep=8000 dt=0.5
#AHAU_BASIS mode=path-local full_determinant_basis=skipped
#SEP_MB_ALGORITHM fock_mode=0 selected=stochastic-poisson fock_states=384 estimated_fock_work_mib=2726675.156250 auto_fock_max_mib=256.000000
#SEP_MB_REFERENCE requested_distance=3 selected_distance=3 active=1 states=715136 max_states=800000 fock_states=384 estimated_work_mib=8380.500000
#SEP_MB_REFERENCE_CACHE loaded=1 rows=8001 parameter_key_and_checksum=verified
#SEP_MB_REFERENCE_ENCODING compact=1 bytes_per_state=8
#SEP_MB_TIMING reference_seconds=0.095916 reference_mpi=1 local_fock=3
#SEP_MB_PROGRESS phase=sampling master_completed=0 master_total=781 elapsed_seconds=0.026005
#SEP_MB_PROGRESS phase=sampling master_completed=39 master_total=781 elapsed_seconds=98.462104
#SEP_MB_PROGRESS phase=sampling master_completed=78 master_total=781 elapsed_seconds=192.331297
#SEP_MB_PROGRESS phase=sampling master_completed=117 master_total=781 elapsed_seconds=291.962676
#SEP_MB_PROGRESS phase=sampling master_completed=156 master_total=781 elapsed_seconds=388.507347
#SEP_MB_PROGRESS phase=sampling master_completed=195 master_total=781 elapsed_seconds=488.769919
#SEP_MB_PROGRESS phase=sampling master_completed=234 master_total=781 elapsed_seconds=588.483329
#SEP_MB_PROGRESS phase=sampling master_completed=273 master_total=781 elapsed_seconds=680.747293
#SEP_MB_PROGRESS phase=sampling master_completed=312 master_total=781 elapsed_seconds=779.265815
#SEP_MB_PROGRESS phase=sampling master_completed=351 master_total=781 elapsed_seconds=881.265857
#SEP_MB_PROGRESS phase=sampling master_completed=390 master_total=781 elapsed_seconds=978.692694
#SEP_MB_PROGRESS phase=sampling master_completed=429 master_total=781 elapsed_seconds=1080.997256
#SEP_MB_PROGRESS phase=sampling master_completed=468 master_total=781 elapsed_seconds=1180.126556
#SEP_MB_PROGRESS phase=sampling master_completed=507 master_total=781 elapsed_seconds=1280.439194
#SEP_MB_PROGRESS phase=sampling master_completed=546 master_total=781 elapsed_seconds=1378.114388
#SEP_MB_PROGRESS phase=sampling master_completed=585 master_total=781 elapsed_seconds=1476.813096
#SEP_MB_PROGRESS phase=sampling master_completed=624 master_total=781 elapsed_seconds=1577.790385
#SEP_MB_PROGRESS phase=sampling master_completed=663 master_total=781 elapsed_seconds=1676.863837
#SEP_MB_PROGRESS phase=sampling master_completed=702 master_total=781 elapsed_seconds=1774.725198
#SEP_MB_PROGRESS phase=sampling master_completed=741 master_total=781 elapsed_seconds=1871.237808
#SEP_MB_PROGRESS phase=sampling master_completed=780 master_total=781 elapsed_seconds=1966.778501
#SEP_MB_PROGRESS phase=sampling master_completed=781 master_total=781 elapsed_seconds=1968.857995
#SEP_MB_TIMING sampling_seconds=2211.189505 skipped_zero_reference=2305262544
#SEP_MB_RESOURCE max_rank_peak_rss_kb=23372 ranks=128
#SEP_MB_RESOURCE sum_rank_peak_rss_kb=2522216 (sum of individual peaks, not simultaneous RSS)
