#AHAU_MPI nproc=64 seed_base=116601 bath_model=semicircle wc_eV=4.0000000000000000e+00 eta_au2=5.4020507214803505e-05 eta_eV2=4.0000000000000001e-02 delE_eV=-1.7194874968839816e+01 nstep=5000 dt=0.5
#SEP_MB_ALGORITHM fock_mode=0 selected=stochastic-poisson fock_states=384 estimated_fock_work_mib=4.429688 auto_fock_max_mib=256.000000
#SEP_MB_REFERENCE requested_distance=3 selected_distance=3 active=1 states=246 max_states=800000 fock_states=384 estimated_work_mib=2.882812
#SEP_MB_REFERENCE_GRAPH storage=csr-uniform-signed edges=1210 metadata_mib=0.006500
#SEP_MB_PROGRESS phase=reference step=0 steps=5000 time_au=0.00000000 elapsed_seconds=0.005327 norm=9.9999999999999889e-01
#SEP_MB_PROGRESS phase=reference step=200 steps=5000 time_au=100.00000000 elapsed_seconds=0.320446 norm=9.9999999999995148e-01
#SEP_MB_PROGRESS phase=reference step=400 steps=5000 time_au=200.00000000 elapsed_seconds=0.624412 norm=9.9999999999992362e-01
#SEP_MB_PROGRESS phase=reference step=600 steps=5000 time_au=300.00000000 elapsed_seconds=0.915412 norm=9.9999999999989786e-01
#SEP_MB_PROGRESS phase=reference step=800 steps=5000 time_au=400.00000000 elapsed_seconds=1.222465 norm=9.9999999999987410e-01
#SEP_MB_PROGRESS phase=reference step=1000 steps=5000 time_au=500.00000000 elapsed_seconds=1.542723 norm=9.9999999999985112e-01
#SEP_MB_PROGRESS phase=reference step=1200 steps=5000 time_au=600.00000000 elapsed_seconds=1.853102 norm=9.9999999999982647e-01
#SEP_MB_PROGRESS phase=reference step=1400 steps=5000 time_au=700.00000000 elapsed_seconds=2.163349 norm=9.9999999999979816e-01
#SEP_MB_PROGRESS phase=reference step=1600 steps=5000 time_au=800.00000000 elapsed_seconds=2.473728 norm=9.9999999999976641e-01
#SEP_MB_PROGRESS phase=reference step=1800 steps=5000 time_au=900.00000000 elapsed_seconds=2.784424 norm=9.9999999999971689e-01
#SEP_MB_PROGRESS phase=reference step=2000 steps=5000 time_au=1000.00000000 elapsed_seconds=3.095657 norm=9.9999999999967648e-01
#SEP_MB_PROGRESS phase=reference step=2200 steps=5000 time_au=1100.00000000 elapsed_seconds=3.405672 norm=9.9999999999965006e-01
#SEP_MB_PROGRESS phase=reference step=2400 steps=5000 time_au=1200.00000000 elapsed_seconds=3.715738 norm=9.9999999999963018e-01
#SEP_MB_PROGRESS phase=reference step=2600 steps=5000 time_au=1300.00000000 elapsed_seconds=4.026032 norm=9.9999999999961120e-01
#SEP_MB_PROGRESS phase=reference step=2800 steps=5000 time_au=1400.00000000 elapsed_seconds=4.336638 norm=9.9999999999958378e-01
#SEP_MB_PROGRESS phase=reference step=3000 steps=5000 time_au=1500.00000000 elapsed_seconds=4.646766 norm=9.9999999999955880e-01
#SEP_MB_PROGRESS phase=reference step=3200 steps=5000 time_au=1600.00000000 elapsed_seconds=4.957399 norm=9.9999999999953038e-01
#SEP_MB_PROGRESS phase=reference step=3400 steps=5000 time_au=1700.00000000 elapsed_seconds=5.267228 norm=9.9999999999948841e-01
#SEP_MB_PROGRESS phase=reference step=3600 steps=5000 time_au=1800.00000000 elapsed_seconds=5.572958 norm=9.9999999999944700e-01
#SEP_MB_PROGRESS phase=reference step=3800 steps=5000 time_au=1900.00000000 elapsed_seconds=5.878838 norm=9.9999999999941669e-01
#SEP_MB_PROGRESS phase=reference step=4000 steps=5000 time_au=2000.00000000 elapsed_seconds=6.184382 norm=9.9999999999938860e-01
#SEP_MB_PROGRESS phase=reference step=4200 steps=5000 time_au=2100.00000000 elapsed_seconds=6.493512 norm=9.9999999999936517e-01
#SEP_MB_PROGRESS phase=reference step=4400 steps=5000 time_au=2200.00000000 elapsed_seconds=6.812978 norm=9.9999999999934119e-01
#SEP_MB_PROGRESS phase=reference step=4600 steps=5000 time_au=2300.00000000 elapsed_seconds=7.215511 norm=9.9999999999931810e-01
#SEP_MB_PROGRESS phase=reference step=4800 steps=5000 time_au=2400.00000000 elapsed_seconds=7.623538 norm=9.9999999999929390e-01
#SEP_MB_PROGRESS phase=reference step=5000 steps=5000 time_au=2500.00000000 elapsed_seconds=8.034700 norm=9.9999999999925926e-01
#SEP_MB_REFERENCE_ENCODING compact=1 bytes_per_state=8
#SEP_MB_TIMING reference_seconds=8.050103 reference_mpi=1 local_fock=6
#SEP_MB_PROGRESS phase=sampling master_completed=0 master_total=1 elapsed_seconds=0.009833
#SEP_MB_PROGRESS phase=sampling master_completed=1 master_total=1 elapsed_seconds=1.039927
#SEP_MB_TIMING sampling_seconds=42.528218 skipped_zero_reference=338462
#SEP_MB_RAW_DIAGNOSTICS max_raw_norm_error=1.8207472854794340e+21 max_particle_identity_error=3.1457280000000000e+06 directly_measured_rows=1252 output_rows=5001
#SEP_MB_RESOURCE max_rank_peak_rss_kb=14292 ranks=64
#SEP_MB_RESOURCE sum_rank_peak_rss_kb=792772 (sum of individual peaks, not simultaneous RSS)
