#AHAU_MPI nproc=4 seed_base=116401 bath_model=semicircle wc_eV=4.0000000000000000e+00 eta_au2=5.4020507214803505e-05 eta_eV2=4.0000000000000001e-02 delE_eV=-1.7194874968839816e+01 nstep=200 dt=0.5
#SEP_MB_ALGORITHM fock_mode=0 selected=stochastic-poisson fock_states=384 estimated_fock_work_mib=4.429688 auto_fock_max_mib=256.000000
#SEP_MB_REFERENCE requested_distance=-1 selected_distance=-1 active=0 states=0 max_states=4096 fock_states=384 estimated_work_mib=0.000000
#SEP_MB_PROGRESS phase=sampling master_completed=0 master_total=50000 elapsed_seconds=0.000843
#SEP_MB_PROGRESS phase=sampling master_completed=2500 master_total=50000 elapsed_seconds=13.715668
#SEP_MB_PROGRESS phase=sampling master_completed=5000 master_total=50000 elapsed_seconds=27.475966
#SEP_MB_PROGRESS phase=sampling master_completed=7500 master_total=50000 elapsed_seconds=41.181187
#SEP_MB_PROGRESS phase=sampling master_completed=10000 master_total=50000 elapsed_seconds=54.963215
#SEP_MB_PROGRESS phase=sampling master_completed=12500 master_total=50000 elapsed_seconds=68.662853
#SEP_MB_PROGRESS phase=sampling master_completed=15000 master_total=50000 elapsed_seconds=82.602966
#SEP_MB_PROGRESS phase=sampling master_completed=17500 master_total=50000 elapsed_seconds=98.247408
#SEP_MB_PROGRESS phase=sampling master_completed=20000 master_total=50000 elapsed_seconds=114.049756
#SEP_MB_PROGRESS phase=sampling master_completed=22500 master_total=50000 elapsed_seconds=130.546972
#SEP_MB_PROGRESS phase=sampling master_completed=25000 master_total=50000 elapsed_seconds=147.097228
#SEP_MB_PROGRESS phase=sampling master_completed=27500 master_total=50000 elapsed_seconds=163.627515
#SEP_MB_PROGRESS phase=sampling master_completed=30000 master_total=50000 elapsed_seconds=180.137812
#SEP_MB_PROGRESS phase=sampling master_completed=32500 master_total=50000 elapsed_seconds=196.657636
#SEP_MB_PROGRESS phase=sampling master_completed=35000 master_total=50000 elapsed_seconds=213.213114
#SEP_MB_PROGRESS phase=sampling master_completed=37500 master_total=50000 elapsed_seconds=229.736687
#SEP_MB_PROGRESS phase=sampling master_completed=40000 master_total=50000 elapsed_seconds=247.008655
#SEP_MB_PROGRESS phase=sampling master_completed=42500 master_total=50000 elapsed_seconds=264.305162
#SEP_MB_PROGRESS phase=sampling master_completed=45000 master_total=50000 elapsed_seconds=281.626905
#SEP_MB_PROGRESS phase=sampling master_completed=47500 master_total=50000 elapsed_seconds=299.131358
#SEP_MB_PROGRESS phase=sampling master_completed=50000 master_total=50000 elapsed_seconds=317.163433
#SEP_MB_TIMING sampling_seconds=317.163867 skipped_zero_reference=0
#SEP_MB_RAW_DIAGNOSTICS max_raw_norm_error=2.4803572741642910e-03 max_particle_identity_error=1.6462387009141821e-09 directly_measured_rows=135 output_rows=201
#SEP_MB_RESOURCE max_rank_peak_rss_kb=10920 ranks=4
#SEP_MB_RESOURCE sum_rank_peak_rss_kb=37736 (sum of individual peaks, not simultaneous RSS)
