#AHAU_MPI nproc=64 seed_base=116602 bath_model=semicircle wc_eV=4.0000000000000000e+00 eta_au2=5.4020507214803505e-05 eta_eV2=4.0000000000000001e-02 delE_eV=-1.7194874968839816e+01 nstep=5000 dt=0.5
#SEP_MB_ALGORITHM fock_mode=0 selected=stochastic-poisson fock_states=384 estimated_fock_work_mib=4.429688 auto_fock_max_mib=256.000000
#SEP_MB_REFERENCE requested_distance=2 selected_distance=2 active=1 states=186 max_states=800000 fock_states=384 estimated_work_mib=2.179688
#SEP_MB_REFERENCE_GRAPH storage=csr-uniform-signed edges=810 metadata_mib=0.004517
#SEP_MB_PROGRESS phase=reference step=0 steps=5000 time_au=0.00000000 elapsed_seconds=0.005725 norm=9.9999999999999889e-01
#SEP_MB_PROGRESS phase=reference step=200 steps=5000 time_au=100.00000000 elapsed_seconds=0.237176 norm=9.9999999999995182e-01
#SEP_MB_PROGRESS phase=reference step=400 steps=5000 time_au=200.00000000 elapsed_seconds=0.483212 norm=9.9999999999992328e-01
#SEP_MB_PROGRESS phase=reference step=600 steps=5000 time_au=300.00000000 elapsed_seconds=0.716496 norm=9.9999999999989730e-01
#SEP_MB_PROGRESS phase=reference step=800 steps=5000 time_au=400.00000000 elapsed_seconds=0.947867 norm=9.9999999999987443e-01
#SEP_MB_PROGRESS phase=reference step=1000 steps=5000 time_au=500.00000000 elapsed_seconds=1.180272 norm=9.9999999999985101e-01
#SEP_MB_PROGRESS phase=reference step=1200 steps=5000 time_au=600.00000000 elapsed_seconds=1.409507 norm=9.9999999999982703e-01
#SEP_MB_PROGRESS phase=reference step=1400 steps=5000 time_au=700.00000000 elapsed_seconds=1.637478 norm=9.9999999999979683e-01
#SEP_MB_PROGRESS phase=reference step=1600 steps=5000 time_au=800.00000000 elapsed_seconds=1.887067 norm=9.9999999999976497e-01
#SEP_MB_PROGRESS phase=reference step=1800 steps=5000 time_au=900.00000000 elapsed_seconds=2.149915 norm=9.9999999999971823e-01
#SEP_MB_PROGRESS phase=reference step=2000 steps=5000 time_au=1000.00000000 elapsed_seconds=2.454225 norm=9.9999999999967970e-01
#SEP_MB_PROGRESS phase=reference step=2200 steps=5000 time_au=1100.00000000 elapsed_seconds=2.760449 norm=9.9999999999964917e-01
#SEP_MB_PROGRESS phase=reference step=2400 steps=5000 time_au=1200.00000000 elapsed_seconds=3.066375 norm=9.9999999999963107e-01
#SEP_MB_PROGRESS phase=reference step=2600 steps=5000 time_au=1300.00000000 elapsed_seconds=3.389412 norm=9.9999999999961253e-01
#SEP_MB_PROGRESS phase=reference step=2800 steps=5000 time_au=1400.00000000 elapsed_seconds=3.696028 norm=9.9999999999958289e-01
#SEP_MB_PROGRESS phase=reference step=3000 steps=5000 time_au=1500.00000000 elapsed_seconds=4.002300 norm=9.9999999999955380e-01
#SEP_MB_PROGRESS phase=reference step=3200 steps=5000 time_au=1600.00000000 elapsed_seconds=4.306380 norm=9.9999999999952716e-01
#SEP_MB_PROGRESS phase=reference step=3400 steps=5000 time_au=1700.00000000 elapsed_seconds=4.612235 norm=9.9999999999948541e-01
#SEP_MB_PROGRESS phase=reference step=3600 steps=5000 time_au=1800.00000000 elapsed_seconds=4.917224 norm=9.9999999999944555e-01
#SEP_MB_PROGRESS phase=reference step=3800 steps=5000 time_au=1900.00000000 elapsed_seconds=5.222620 norm=9.9999999999941225e-01
#SEP_MB_PROGRESS phase=reference step=4000 steps=5000 time_au=2000.00000000 elapsed_seconds=5.532112 norm=9.9999999999938416e-01
#SEP_MB_PROGRESS phase=reference step=4200 steps=5000 time_au=2100.00000000 elapsed_seconds=5.839337 norm=9.9999999999936262e-01
#SEP_MB_PROGRESS phase=reference step=4400 steps=5000 time_au=2200.00000000 elapsed_seconds=6.147839 norm=9.9999999999934008e-01
#SEP_MB_PROGRESS phase=reference step=4600 steps=5000 time_au=2300.00000000 elapsed_seconds=6.455592 norm=9.9999999999931377e-01
#SEP_MB_PROGRESS phase=reference step=4800 steps=5000 time_au=2400.00000000 elapsed_seconds=6.760488 norm=9.9999999999928979e-01
#SEP_MB_PROGRESS phase=reference step=5000 steps=5000 time_au=2500.00000000 elapsed_seconds=7.066174 norm=9.9999999999925637e-01
#SEP_MB_REFERENCE_ENCODING compact=1 bytes_per_state=8
#SEP_MB_TIMING reference_seconds=7.081810 reference_mpi=1 local_fock=6
#SEP_MB_PROGRESS phase=sampling master_completed=0 master_total=1 elapsed_seconds=0.009493
#SEP_MB_PROGRESS phase=sampling master_completed=1 master_total=1 elapsed_seconds=1.044880
#SEP_MB_TIMING sampling_seconds=42.776346 skipped_zero_reference=239505
#SEP_MB_RAW_DIAGNOSTICS max_raw_norm_error=8.8549493342284651e+21 max_particle_identity_error=3.3554432000000000e+07 directly_measured_rows=1252 output_rows=5001
#SEP_MB_RESOURCE max_rank_peak_rss_kb=14064 ranks=64
#SEP_MB_RESOURCE sum_rank_peak_rss_kb=784576 (sum of individual peaks, not simultaneous RSS)
