#AHAU_MPI nproc=128 seed_base=1134001 wc_eV=2.7000000000000002e+00 eta=2.9999999999999999e-07 delE_eV=-1.7194874968839816e+01 nstep=8000 dt=0.5
#AHAU_BASIS mode=path-local full_determinant_basis=skipped
#SEP_MB_ALGORITHM fock_mode=0 selected=stochastic-poisson fock_states=384 estimated_fock_work_mib=2726675.156250 auto_fock_max_mib=256.000000
#SEP_MB_REFERENCE requested_distance=3 selected_distance=3 active=1 states=715136 max_states=800000 fock_states=384 estimated_work_mib=8380.500000
#SEP_MB_REFERENCE_CACHE loaded=1 rows=8001 parameter_key_and_checksum=verified
#SEP_MB_REFERENCE_ENCODING compact=1 bytes_per_state=8
#SEP_MB_TIMING reference_seconds=0.088700 reference_mpi=1 local_fock=3
#SEP_MB_PROGRESS phase=sampling master_completed=0 master_total=7812 elapsed_seconds=0.029756
#SEP_MB_PROGRESS phase=sampling master_completed=390 master_total=7812 elapsed_seconds=1001.349445
#SEP_MB_PROGRESS phase=sampling master_completed=780 master_total=7812 elapsed_seconds=2015.266290
#SEP_MB_PROGRESS phase=sampling master_completed=1170 master_total=7812 elapsed_seconds=3001.254238
#SEP_MB_PROGRESS phase=sampling master_completed=1560 master_total=7812 elapsed_seconds=3989.131401
#SEP_MB_PROGRESS phase=sampling master_completed=1950 master_total=7812 elapsed_seconds=4979.490872
#SEP_MB_PROGRESS phase=sampling master_completed=2340 master_total=7812 elapsed_seconds=5970.997615
#SEP_MB_PROGRESS phase=sampling master_completed=2730 master_total=7812 elapsed_seconds=6957.806972
#SEP_MB_PROGRESS phase=sampling master_completed=3120 master_total=7812 elapsed_seconds=7949.872366
#SEP_MB_PROGRESS phase=sampling master_completed=3510 master_total=7812 elapsed_seconds=8933.325105
#SEP_MB_PROGRESS phase=sampling master_completed=3900 master_total=7812 elapsed_seconds=9939.225593
#SEP_MB_PROGRESS phase=sampling master_completed=4290 master_total=7812 elapsed_seconds=10943.612560
#SEP_MB_PROGRESS phase=sampling master_completed=4680 master_total=7812 elapsed_seconds=11930.630548
#SEP_MB_PROGRESS phase=sampling master_completed=5070 master_total=7812 elapsed_seconds=12927.599780
#SEP_MB_PROGRESS phase=sampling master_completed=5460 master_total=7812 elapsed_seconds=13926.029807
#SEP_MB_PROGRESS phase=sampling master_completed=5850 master_total=7812 elapsed_seconds=14931.540468
#SEP_MB_PROGRESS phase=sampling master_completed=6240 master_total=7812 elapsed_seconds=15932.357287
#SEP_MB_PROGRESS phase=sampling master_completed=6630 master_total=7812 elapsed_seconds=16927.930934
#SEP_MB_PROGRESS phase=sampling master_completed=7020 master_total=7812 elapsed_seconds=17930.057899
#SEP_MB_PROGRESS phase=sampling master_completed=7410 master_total=7812 elapsed_seconds=18929.501146
#SEP_MB_PROGRESS phase=sampling master_completed=7800 master_total=7812 elapsed_seconds=19919.249879
#SEP_MB_PROGRESS phase=sampling master_completed=7812 master_total=7812 elapsed_seconds=19950.313202
#SEP_MB_TIMING sampling_seconds=21299.493914 skipped_zero_reference=23063442642
#SEP_MB_RESOURCE max_rank_peak_rss_kb=23320 ranks=128
#SEP_MB_RESOURCE sum_rank_peak_rss_kb=2529168 (sum of individual peaks, not simultaneous RSS)
