#AHAU_MPI nproc=4 seed_base=111001 wc_eV=2.7000000000000002e+00 eta=2.9999999999999999e-07 delE_eV=-1.7194874968839816e+01 nstep=1000 dt=0.5
#AHAU_BASIS mode=path-local full_determinant_basis=skipped
#SEP_MB_ALGORITHM fock_mode=0 selected=stochastic-poisson fock_states=384 estimated_fock_work_mib=4.429688 auto_fock_max_mib=256.000000
#SEP_MB_REFERENCE requested_distance=1 selected_distance=1 active=1 states=66 max_states=4096 fock_states=384 estimated_work_mib=0.773438
#SEP_MB_REFERENCE_CACHE loaded=1 rows=1001 parameter_key_and_checksum=verified
#SEP_MB_REFERENCE_ENCODING compact=1 bytes_per_state=8
#SEP_MB_TIMING reference_seconds=0.021910 reference_mpi=1 local_fock=96
#SEP_MB_PROGRESS phase=sampling master_completed=0 master_total=2500 elapsed_seconds=0.001601
#SEP_MB_PROGRESS phase=sampling master_completed=125 master_total=2500 elapsed_seconds=0.722140
#SEP_MB_PROGRESS phase=sampling master_completed=250 master_total=2500 elapsed_seconds=1.332279
#SEP_MB_PROGRESS phase=sampling master_completed=375 master_total=2500 elapsed_seconds=2.028319
#SEP_MB_PROGRESS phase=sampling master_completed=500 master_total=2500 elapsed_seconds=2.698947
#SEP_MB_PROGRESS phase=sampling master_completed=625 master_total=2500 elapsed_seconds=3.347607
#SEP_MB_PROGRESS phase=sampling master_completed=750 master_total=2500 elapsed_seconds=4.051654
#SEP_MB_PROGRESS phase=sampling master_completed=875 master_total=2500 elapsed_seconds=4.715921
#SEP_MB_PROGRESS phase=sampling master_completed=1000 master_total=2500 elapsed_seconds=5.393559
#SEP_MB_PROGRESS phase=sampling master_completed=1125 master_total=2500 elapsed_seconds=6.051831
#SEP_MB_PROGRESS phase=sampling master_completed=1250 master_total=2500 elapsed_seconds=6.757742
#SEP_MB_PROGRESS phase=sampling master_completed=1375 master_total=2500 elapsed_seconds=7.486723
#SEP_MB_PROGRESS phase=sampling master_completed=1500 master_total=2500 elapsed_seconds=8.187276
#SEP_MB_PROGRESS phase=sampling master_completed=1625 master_total=2500 elapsed_seconds=8.881628
#SEP_MB_PROGRESS phase=sampling master_completed=1750 master_total=2500 elapsed_seconds=9.521194
#SEP_MB_PROGRESS phase=sampling master_completed=1875 master_total=2500 elapsed_seconds=10.274537
#SEP_MB_PROGRESS phase=sampling master_completed=2000 master_total=2500 elapsed_seconds=11.021247
#SEP_MB_PROGRESS phase=sampling master_completed=2125 master_total=2500 elapsed_seconds=11.732007
#SEP_MB_PROGRESS phase=sampling master_completed=2250 master_total=2500 elapsed_seconds=12.456408
#SEP_MB_PROGRESS phase=sampling master_completed=2375 master_total=2500 elapsed_seconds=13.114735
#SEP_MB_PROGRESS phase=sampling master_completed=2500 master_total=2500 elapsed_seconds=13.792320
#SEP_MB_TIMING sampling_seconds=13.982682 skipped_zero_reference=40063615
#SEP_MB_RESOURCE max_rank_peak_rss_kb=9248 ranks=4
#SEP_MB_RESOURCE sum_rank_peak_rss_kb=36260 (sum of individual peaks, not simultaneous RSS)
