#AHAU_MPI nproc=64 seed_base=1144002 wc_eV=2.7000000000000002e+00 eta=2.9999999999999999e-07 delE_eV=-1.7194874968839816e+01 nstep=8000 dt=0.5
#AHAU_BASIS mode=path-local full_determinant_basis=skipped
#SEP_MB_ALGORITHM fock_mode=0 selected=stochastic-poisson fock_states=384 estimated_fock_work_mib=4.429688 auto_fock_max_mib=256.000000
#SEP_MB_REFERENCE requested_distance=3 selected_distance=3 active=1 states=246 max_states=4096 fock_states=384 estimated_work_mib=2.882812
#SEP_MB_REFERENCE_CACHE loaded=1 rows=8001 parameter_key_and_checksum=verified
#SEP_MB_REFERENCE_ENCODING compact=1 bytes_per_state=8
#SEP_MB_TIMING reference_seconds=0.052992 reference_mpi=1 local_fock=6
#SEP_MB_PROGRESS phase=sampling master_completed=0 master_total=15625 elapsed_seconds=0.013733
#SEP_MB_PROGRESS phase=sampling master_completed=781 master_total=15625 elapsed_seconds=170.725097
#SEP_MB_PROGRESS phase=sampling master_completed=1562 master_total=15625 elapsed_seconds=340.912165
#SEP_MB_PROGRESS phase=sampling master_completed=2343 master_total=15625 elapsed_seconds=513.011716
#SEP_MB_PROGRESS phase=sampling master_completed=3124 master_total=15625 elapsed_seconds=684.179108
#SEP_MB_PROGRESS phase=sampling master_completed=3905 master_total=15625 elapsed_seconds=852.885771
#SEP_MB_PROGRESS phase=sampling master_completed=4686 master_total=15625 elapsed_seconds=1022.401980
#SEP_MB_PROGRESS phase=sampling master_completed=5467 master_total=15625 elapsed_seconds=1193.485209
#SEP_MB_PROGRESS phase=sampling master_completed=6248 master_total=15625 elapsed_seconds=1364.905795
#SEP_MB_PROGRESS phase=sampling master_completed=7029 master_total=15625 elapsed_seconds=1535.705815
#SEP_MB_PROGRESS phase=sampling master_completed=7810 master_total=15625 elapsed_seconds=1706.228387
#SEP_MB_PROGRESS phase=sampling master_completed=8591 master_total=15625 elapsed_seconds=1876.500593
#SEP_MB_PROGRESS phase=sampling master_completed=9372 master_total=15625 elapsed_seconds=2046.985208
#SEP_MB_PROGRESS phase=sampling master_completed=10153 master_total=15625 elapsed_seconds=2217.575724
#SEP_MB_PROGRESS phase=sampling master_completed=10934 master_total=15625 elapsed_seconds=2389.220228
#SEP_MB_PROGRESS phase=sampling master_completed=11715 master_total=15625 elapsed_seconds=2560.406410
#SEP_MB_PROGRESS phase=sampling master_completed=12496 master_total=15625 elapsed_seconds=2732.821545
#SEP_MB_PROGRESS phase=sampling master_completed=13277 master_total=15625 elapsed_seconds=2902.994837
#SEP_MB_PROGRESS phase=sampling master_completed=14058 master_total=15625 elapsed_seconds=3073.977802
#SEP_MB_PROGRESS phase=sampling master_completed=14839 master_total=15625 elapsed_seconds=3245.282086
#SEP_MB_PROGRESS phase=sampling master_completed=15620 master_total=15625 elapsed_seconds=3416.859958
#SEP_MB_PROGRESS phase=sampling master_completed=15625 master_total=15625 elapsed_seconds=3418.067719
#SEP_MB_TIMING sampling_seconds=3656.377192 skipped_zero_reference=30617922138
#SEP_MB_RESOURCE max_rank_peak_rss_kb=15952 ranks=64
#SEP_MB_RESOURCE sum_rank_peak_rss_kb=899448 (sum of individual peaks, not simultaneous RSS)
