#AHAU_MPI nproc=128 seed_base=1159002 wc_eV=2.7000000000000002e+00 eta=2.9999999999999999e-07 delE_eV=-1.7194874968839816e+01 nstep=8000 dt=0.5
#AHAU_BASIS mode=path-local full_determinant_basis=skipped
#SEP_MB_ALGORITHM fock_mode=0 selected=stochastic-poisson fock_states=384 estimated_fock_work_mib=2726675.156250 auto_fock_max_mib=256.000000
#SEP_MB_REFERENCE requested_distance=3 selected_distance=3 active=1 states=715136 max_states=800000 fock_states=384 estimated_work_mib=8380.500000
#SEP_MB_REFERENCE_CACHE loaded=1 rows=8001 parameter_key_and_checksum=verified
#SEP_MB_REFERENCE_ENCODING compact=1 bytes_per_state=8
#SEP_MB_TIMING reference_seconds=0.094441 reference_mpi=1 local_fock=3
#SEP_MB_PROGRESS phase=sampling master_completed=0 master_total=781 elapsed_seconds=0.025694
#SEP_MB_PROGRESS phase=sampling master_completed=39 master_total=781 elapsed_seconds=102.568332
#SEP_MB_PROGRESS phase=sampling master_completed=78 master_total=781 elapsed_seconds=202.840031
#SEP_MB_PROGRESS phase=sampling master_completed=117 master_total=781 elapsed_seconds=302.673265
#SEP_MB_PROGRESS phase=sampling master_completed=156 master_total=781 elapsed_seconds=402.391137
#SEP_MB_PROGRESS phase=sampling master_completed=195 master_total=781 elapsed_seconds=503.344433
#SEP_MB_PROGRESS phase=sampling master_completed=234 master_total=781 elapsed_seconds=605.029233
#SEP_MB_PROGRESS phase=sampling master_completed=273 master_total=781 elapsed_seconds=704.086231
#SEP_MB_PROGRESS phase=sampling master_completed=312 master_total=781 elapsed_seconds=801.212490
#SEP_MB_PROGRESS phase=sampling master_completed=351 master_total=781 elapsed_seconds=899.934743
#SEP_MB_PROGRESS phase=sampling master_completed=390 master_total=781 elapsed_seconds=1002.829804
#SEP_MB_PROGRESS phase=sampling master_completed=429 master_total=781 elapsed_seconds=1103.071235
#SEP_MB_PROGRESS phase=sampling master_completed=468 master_total=781 elapsed_seconds=1207.262487
#SEP_MB_PROGRESS phase=sampling master_completed=507 master_total=781 elapsed_seconds=1310.389923
#SEP_MB_PROGRESS phase=sampling master_completed=546 master_total=781 elapsed_seconds=1416.091005
#SEP_MB_PROGRESS phase=sampling master_completed=585 master_total=781 elapsed_seconds=1520.639998
#SEP_MB_PROGRESS phase=sampling master_completed=624 master_total=781 elapsed_seconds=1625.657788
#SEP_MB_PROGRESS phase=sampling master_completed=663 master_total=781 elapsed_seconds=1732.709164
#SEP_MB_PROGRESS phase=sampling master_completed=702 master_total=781 elapsed_seconds=1834.679084
#SEP_MB_PROGRESS phase=sampling master_completed=741 master_total=781 elapsed_seconds=1939.689257
#SEP_MB_PROGRESS phase=sampling master_completed=780 master_total=781 elapsed_seconds=2045.175038
#SEP_MB_PROGRESS phase=sampling master_completed=781 master_total=781 elapsed_seconds=2047.464434
#SEP_MB_TIMING sampling_seconds=2346.455813 skipped_zero_reference=2308409994
#SEP_MB_RESOURCE max_rank_peak_rss_kb=21580 ranks=128
#SEP_MB_RESOURCE sum_rank_peak_rss_kb=2503140 (sum of individual peaks, not simultaneous RSS)
