#AHAU_MPI nproc=128 seed_base=1134003 wc_eV=2.7000000000000002e+00 eta=2.9999999999999999e-07 delE_eV=-1.7194874968839816e+01 nstep=8000 dt=0.5
#AHAU_BASIS mode=path-local full_determinant_basis=skipped
#SEP_MB_ALGORITHM fock_mode=0 selected=stochastic-poisson fock_states=384 estimated_fock_work_mib=2726675.156250 auto_fock_max_mib=256.000000
#SEP_MB_REFERENCE requested_distance=3 selected_distance=3 active=1 states=715136 max_states=800000 fock_states=384 estimated_work_mib=8380.500000
#SEP_MB_REFERENCE_CACHE loaded=1 rows=8001 parameter_key_and_checksum=verified
#SEP_MB_REFERENCE_ENCODING compact=1 bytes_per_state=8
#SEP_MB_TIMING reference_seconds=0.105659 reference_mpi=1 local_fock=3
#SEP_MB_PROGRESS phase=sampling master_completed=0 master_total=7812 elapsed_seconds=0.028178
#SEP_MB_PROGRESS phase=sampling master_completed=390 master_total=7812 elapsed_seconds=994.783662
#SEP_MB_PROGRESS phase=sampling master_completed=780 master_total=7812 elapsed_seconds=1995.929220
#SEP_MB_PROGRESS phase=sampling master_completed=1170 master_total=7812 elapsed_seconds=2996.849132
#SEP_MB_PROGRESS phase=sampling master_completed=1560 master_total=7812 elapsed_seconds=3995.768806
#SEP_MB_PROGRESS phase=sampling master_completed=1950 master_total=7812 elapsed_seconds=4994.399206
#SEP_MB_PROGRESS phase=sampling master_completed=2340 master_total=7812 elapsed_seconds=5987.460351
#SEP_MB_PROGRESS phase=sampling master_completed=2730 master_total=7812 elapsed_seconds=6996.590732
#SEP_MB_PROGRESS phase=sampling master_completed=3120 master_total=7812 elapsed_seconds=7999.632120
#SEP_MB_PROGRESS phase=sampling master_completed=3510 master_total=7812 elapsed_seconds=9002.955140
#SEP_MB_PROGRESS phase=sampling master_completed=3900 master_total=7812 elapsed_seconds=9990.020149
#SEP_MB_PROGRESS phase=sampling master_completed=4290 master_total=7812 elapsed_seconds=10989.319303
#SEP_MB_PROGRESS phase=sampling master_completed=4680 master_total=7812 elapsed_seconds=11968.235803
#SEP_MB_PROGRESS phase=sampling master_completed=5070 master_total=7812 elapsed_seconds=12964.008672
#SEP_MB_PROGRESS phase=sampling master_completed=5460 master_total=7812 elapsed_seconds=13966.199842
#SEP_MB_PROGRESS phase=sampling master_completed=5850 master_total=7812 elapsed_seconds=14947.736890
#SEP_MB_PROGRESS phase=sampling master_completed=6240 master_total=7812 elapsed_seconds=15943.100848
#SEP_MB_PROGRESS phase=sampling master_completed=6630 master_total=7812 elapsed_seconds=16949.931464
#SEP_MB_PROGRESS phase=sampling master_completed=7020 master_total=7812 elapsed_seconds=17929.900681
#SEP_MB_PROGRESS phase=sampling master_completed=7410 master_total=7812 elapsed_seconds=18935.139607
#SEP_MB_PROGRESS phase=sampling master_completed=7800 master_total=7812 elapsed_seconds=19918.309470
#SEP_MB_PROGRESS phase=sampling master_completed=7812 master_total=7812 elapsed_seconds=19947.168497
#SEP_MB_TIMING sampling_seconds=22465.754846 skipped_zero_reference=23066333182
#SEP_MB_RESOURCE max_rank_peak_rss_kb=21888 ranks=128
#SEP_MB_RESOURCE sum_rank_peak_rss_kb=2504340 (sum of individual peaks, not simultaneous RSS)
