#AHAU_MPI nproc=128 seed_base=1134000 wc_eV=2.7000000000000002e+00 eta=2.9999999999999999e-07 delE_eV=-1.7194874968839816e+01 nstep=8000 dt=0.5
#AHAU_BASIS mode=path-local full_determinant_basis=skipped
#SEP_MB_ALGORITHM fock_mode=0 selected=stochastic-poisson fock_states=384 estimated_fock_work_mib=2726675.156250 auto_fock_max_mib=256.000000
#SEP_MB_REFERENCE requested_distance=2 selected_distance=2 active=1 states=52656 max_states=65536 fock_states=384 estimated_work_mib=617.062500
#SEP_MB_REFERENCE_GRAPH storage=csr-real-gather edges=292980 metadata_mib=3.754631
#SEP_MB_PROGRESS phase=reference step=0 steps=8000 time_au=0.00000000 elapsed_seconds=0.094161 norm=9.9999999999999900e-01
#SEP_MB_PROGRESS phase=reference step=200 steps=8000 time_au=100.00000000 elapsed_seconds=100.518749 norm=1.0000000000000031e+00
#SEP_MB_PROGRESS phase=reference step=400 steps=8000 time_au=200.00000000 elapsed_seconds=200.868443 norm=1.0000000000000024e+00
#SEP_MB_PROGRESS phase=reference step=600 steps=8000 time_au=300.00000000 elapsed_seconds=301.513253 norm=1.0000000000000044e+00
#SEP_MB_PROGRESS phase=reference step=800 steps=8000 time_au=400.00000000 elapsed_seconds=401.240713 norm=1.0000000000000029e+00
#SEP_MB_PROGRESS phase=reference step=1000 steps=8000 time_au=500.00000000 elapsed_seconds=501.341125 norm=1.0000000000000033e+00
#SEP_MB_PROGRESS phase=reference step=1200 steps=8000 time_au=600.00000000 elapsed_seconds=601.837783 norm=1.0000000000000000e+00
#SEP_MB_PROGRESS phase=reference step=1400 steps=8000 time_au=700.00000000 elapsed_seconds=701.454093 norm=9.9999999999999500e-01
#SEP_MB_PROGRESS phase=reference step=1600 steps=8000 time_au=800.00000000 elapsed_seconds=801.314453 norm=9.9999999999999445e-01
#SEP_MB_PROGRESS phase=reference step=1800 steps=8000 time_au=900.00000000 elapsed_seconds=901.334025 norm=9.9999999999999478e-01
#SEP_MB_PROGRESS phase=reference step=2000 steps=8000 time_au=1000.00000000 elapsed_seconds=1001.195631 norm=9.9999999999999001e-01
#SEP_MB_PROGRESS phase=reference step=2200 steps=8000 time_au=1100.00000000 elapsed_seconds=1101.240427 norm=9.9999999999998535e-01
#SEP_MB_PROGRESS phase=reference step=2400 steps=8000 time_au=1200.00000000 elapsed_seconds=1200.962269 norm=9.9999999999996525e-01
#SEP_MB_PROGRESS phase=reference step=2600 steps=8000 time_au=1300.00000000 elapsed_seconds=1300.535290 norm=9.9999999999997446e-01
#SEP_MB_PROGRESS phase=reference step=2800 steps=8000 time_au=1400.00000000 elapsed_seconds=1400.295130 norm=9.9999999999996325e-01
#SEP_MB_PROGRESS phase=reference step=3000 steps=8000 time_au=1500.00000000 elapsed_seconds=1499.973399 norm=9.9999999999998013e-01
#SEP_MB_PROGRESS phase=reference step=3200 steps=8000 time_au=1600.00000000 elapsed_seconds=1599.163822 norm=9.9999999999995881e-01
#SEP_MB_PROGRESS phase=reference step=3400 steps=8000 time_au=1700.00000000 elapsed_seconds=1698.719334 norm=9.9999999999996847e-01
#SEP_MB_PROGRESS phase=reference step=3600 steps=8000 time_au=1800.00000000 elapsed_seconds=1798.612226 norm=9.9999999999996525e-01
#SEP_MB_PROGRESS phase=reference step=3800 steps=8000 time_au=1900.00000000 elapsed_seconds=1898.221256 norm=9.9999999999998257e-01
#SEP_MB_PROGRESS phase=reference step=4000 steps=8000 time_au=2000.00000000 elapsed_seconds=1998.025241 norm=9.9999999999998401e-01
#SEP_MB_PROGRESS phase=reference step=4200 steps=8000 time_au=2100.00000000 elapsed_seconds=2097.581834 norm=9.9999999999998379e-01
#SEP_MB_PROGRESS phase=reference step=4400 steps=8000 time_au=2200.00000000 elapsed_seconds=2196.795672 norm=9.9999999999998368e-01
#SEP_MB_PROGRESS phase=reference step=4600 steps=8000 time_au=2300.00000000 elapsed_seconds=2296.475803 norm=9.9999999999998967e-01
#SEP_MB_PROGRESS phase=reference step=4800 steps=8000 time_au=2400.00000000 elapsed_seconds=2396.112357 norm=9.9999999999998923e-01
#SEP_MB_PROGRESS phase=reference step=5000 steps=8000 time_au=2500.00000000 elapsed_seconds=2495.839151 norm=9.9999999999998734e-01
#SEP_MB_PROGRESS phase=reference step=5200 steps=8000 time_au=2600.00000000 elapsed_seconds=2595.610800 norm=9.9999999999996647e-01
#SEP_MB_PROGRESS phase=reference step=5400 steps=8000 time_au=2700.00000000 elapsed_seconds=2695.594194 norm=9.9999999999996914e-01
#SEP_MB_PROGRESS phase=reference step=5600 steps=8000 time_au=2800.00000000 elapsed_seconds=2795.036127 norm=9.9999999999996936e-01
#SEP_MB_PROGRESS phase=reference step=5800 steps=8000 time_au=2900.00000000 elapsed_seconds=2894.210601 norm=9.9999999999998046e-01
#SEP_MB_PROGRESS phase=reference step=6000 steps=8000 time_au=3000.00000000 elapsed_seconds=2993.931613 norm=9.9999999999997968e-01
#SEP_MB_PROGRESS phase=reference step=6200 steps=8000 time_au=3100.00000000 elapsed_seconds=3093.351035 norm=9.9999999999998335e-01
#SEP_MB_PROGRESS phase=reference step=6400 steps=8000 time_au=3200.00000000 elapsed_seconds=3193.160886 norm=9.9999999999997535e-01
#SEP_MB_PROGRESS phase=reference step=6600 steps=8000 time_au=3300.00000000 elapsed_seconds=3292.668259 norm=9.9999999999997158e-01
#SEP_MB_PROGRESS phase=reference step=6800 steps=8000 time_au=3400.00000000 elapsed_seconds=3392.442349 norm=9.9999999999996814e-01
#SEP_MB_PROGRESS phase=reference step=7000 steps=8000 time_au=3500.00000000 elapsed_seconds=3491.981011 norm=9.9999999999997091e-01
#SEP_MB_PROGRESS phase=reference step=7200 steps=8000 time_au=3600.00000000 elapsed_seconds=3591.599703 norm=9.9999999999997125e-01
#SEP_MB_PROGRESS phase=reference step=7400 steps=8000 time_au=3700.00000000 elapsed_seconds=3691.188142 norm=9.9999999999997891e-01
#SEP_MB_PROGRESS phase=reference step=7600 steps=8000 time_au=3800.00000000 elapsed_seconds=3790.933756 norm=9.9999999999998057e-01
#SEP_MB_PROGRESS phase=reference step=7800 steps=8000 time_au=3900.00000000 elapsed_seconds=3891.020597 norm=9.9999999999997768e-01
#SEP_MB_PROGRESS phase=reference step=8000 steps=8000 time_au=4000.00000000 elapsed_seconds=3990.770393 norm=9.9999999999997002e-01
#SEP_MB_REFERENCE_ENCODING compact=1 bytes_per_state=8
#SEP_MB_TIMING reference_seconds=3990.778319 reference_mpi=1 local_fock=3
#SEP_MB_PROGRESS phase=sampling master_completed=0 master_total=0 elapsed_seconds=0.024485
#SEP_MB_TIMING sampling_seconds=221.134231 skipped_zero_reference=1886372
#SEP_MB_RESOURCE max_rank_peak_rss_kb=33488 ranks=128
#SEP_MB_RESOURCE sum_rank_peak_rss_kb=3789744 (sum of individual peaks, not simultaneous RSS)
