#AHAU_MPI nproc=16 seed_base=1134001 wc_eV=2.7000000000000002e+00 eta=2.9999999999999999e-07 delE_eV=-1.7194874968839816e+01 nstep=8000 dt=0.5
#AHAU_BASIS mode=path-local full_determinant_basis=skipped
#SEP_MB_ALGORITHM fock_mode=0 selected=stochastic-poisson fock_states=384 estimated_fock_work_mib=4.429688 auto_fock_max_mib=256.000000
#SEP_MB_REFERENCE requested_distance=4 selected_distance=4 active=1 states=252 max_states=4096 fock_states=512 estimated_work_mib=3.937500
#SEP_MB_REFERENCE_GRAPH storage=csr-real-gather edges=1260 metadata_mib=0.016350
#SEP_MB_PROGRESS phase=reference step=0 steps=8000 time_au=0.00000000 elapsed_seconds=0.010357 norm=9.9999999999999911e-01
#SEP_MB_PROGRESS phase=reference step=200 steps=8000 time_au=100.00000000 elapsed_seconds=1.050498 norm=1.0000000000000000e+00
#SEP_MB_PROGRESS phase=reference step=400 steps=8000 time_au=200.00000000 elapsed_seconds=2.061199 norm=9.9999999999999967e-01
#SEP_MB_PROGRESS phase=reference step=600 steps=8000 time_au=300.00000000 elapsed_seconds=2.919841 norm=9.9999999999999978e-01
#SEP_MB_PROGRESS phase=reference step=800 steps=8000 time_au=400.00000000 elapsed_seconds=3.778474 norm=9.9999999999999756e-01
#SEP_MB_PROGRESS phase=reference step=1000 steps=8000 time_au=500.00000000 elapsed_seconds=4.636523 norm=9.9999999999999578e-01
#SEP_MB_PROGRESS phase=reference step=1200 steps=8000 time_au=600.00000000 elapsed_seconds=5.494588 norm=9.9999999999999467e-01
#SEP_MB_PROGRESS phase=reference step=1400 steps=8000 time_au=700.00000000 elapsed_seconds=6.353597 norm=9.9999999999999400e-01
#SEP_MB_PROGRESS phase=reference step=1600 steps=8000 time_au=800.00000000 elapsed_seconds=7.211840 norm=9.9999999999999789e-01
#SEP_MB_PROGRESS phase=reference step=1800 steps=8000 time_au=900.00000000 elapsed_seconds=8.070676 norm=1.0000000000000187e+00
#SEP_MB_PROGRESS phase=reference step=2000 steps=8000 time_au=1000.00000000 elapsed_seconds=8.929626 norm=1.0000000000000120e+00
#SEP_MB_PROGRESS phase=reference step=2200 steps=8000 time_au=1100.00000000 elapsed_seconds=9.787890 norm=1.0000000000000158e+00
#SEP_MB_PROGRESS phase=reference step=2400 steps=8000 time_au=1200.00000000 elapsed_seconds=10.646281 norm=1.0000000000000162e+00
#SEP_MB_PROGRESS phase=reference step=2600 steps=8000 time_au=1300.00000000 elapsed_seconds=11.504903 norm=1.0000000000000155e+00
#SEP_MB_PROGRESS phase=reference step=2800 steps=8000 time_au=1400.00000000 elapsed_seconds=12.364033 norm=1.0000000000000155e+00
#SEP_MB_PROGRESS phase=reference step=3000 steps=8000 time_au=1500.00000000 elapsed_seconds=13.223596 norm=1.0000000000000155e+00
#SEP_MB_PROGRESS phase=reference step=3200 steps=8000 time_au=1600.00000000 elapsed_seconds=14.081855 norm=1.0000000000000153e+00
#SEP_MB_PROGRESS phase=reference step=3400 steps=8000 time_au=1700.00000000 elapsed_seconds=14.940189 norm=1.0000000000000087e+00
#SEP_MB_PROGRESS phase=reference step=3600 steps=8000 time_au=1800.00000000 elapsed_seconds=15.798065 norm=1.0000000000000033e+00
#SEP_MB_PROGRESS phase=reference step=3800 steps=8000 time_au=1900.00000000 elapsed_seconds=16.656424 norm=1.0000000000000049e+00
#SEP_MB_PROGRESS phase=reference step=4000 steps=8000 time_au=2000.00000000 elapsed_seconds=17.514365 norm=1.0000000000000033e+00
#SEP_MB_PROGRESS phase=reference step=4200 steps=8000 time_au=2100.00000000 elapsed_seconds=18.372188 norm=1.0000000000000064e+00
#SEP_MB_PROGRESS phase=reference step=4400 steps=8000 time_au=2200.00000000 elapsed_seconds=19.231121 norm=1.0000000000000069e+00
#SEP_MB_PROGRESS phase=reference step=4600 steps=8000 time_au=2300.00000000 elapsed_seconds=20.088894 norm=1.0000000000000053e+00
#SEP_MB_PROGRESS phase=reference step=4800 steps=8000 time_au=2400.00000000 elapsed_seconds=20.947035 norm=1.0000000000000064e+00
#SEP_MB_PROGRESS phase=reference step=5000 steps=8000 time_au=2500.00000000 elapsed_seconds=21.805123 norm=1.0000000000000040e+00
#SEP_MB_PROGRESS phase=reference step=5200 steps=8000 time_au=2600.00000000 elapsed_seconds=22.663507 norm=1.0000000000000262e+00
#SEP_MB_PROGRESS phase=reference step=5400 steps=8000 time_au=2700.00000000 elapsed_seconds=23.516052 norm=1.0000000000000269e+00
#SEP_MB_PROGRESS phase=reference step=5600 steps=8000 time_au=2800.00000000 elapsed_seconds=24.364086 norm=1.0000000000000302e+00
#SEP_MB_PROGRESS phase=reference step=5800 steps=8000 time_au=2900.00000000 elapsed_seconds=25.211786 norm=1.0000000000000311e+00
#SEP_MB_PROGRESS phase=reference step=6000 steps=8000 time_au=3000.00000000 elapsed_seconds=26.059480 norm=1.0000000000000284e+00
#SEP_MB_PROGRESS phase=reference step=6200 steps=8000 time_au=3100.00000000 elapsed_seconds=26.907370 norm=1.0000000000000315e+00
#SEP_MB_PROGRESS phase=reference step=6400 steps=8000 time_au=3200.00000000 elapsed_seconds=27.755041 norm=1.0000000000000331e+00
#SEP_MB_PROGRESS phase=reference step=6600 steps=8000 time_au=3300.00000000 elapsed_seconds=28.602607 norm=1.0000000000000306e+00
#SEP_MB_PROGRESS phase=reference step=6800 steps=8000 time_au=3400.00000000 elapsed_seconds=29.450003 norm=1.0000000000000298e+00
#SEP_MB_PROGRESS phase=reference step=7000 steps=8000 time_au=3500.00000000 elapsed_seconds=30.298529 norm=1.0000000000000315e+00
#SEP_MB_PROGRESS phase=reference step=7200 steps=8000 time_au=3600.00000000 elapsed_seconds=31.146410 norm=1.0000000000000284e+00
#SEP_MB_PROGRESS phase=reference step=7400 steps=8000 time_au=3700.00000000 elapsed_seconds=31.994487 norm=1.0000000000000304e+00
#SEP_MB_PROGRESS phase=reference step=7600 steps=8000 time_au=3800.00000000 elapsed_seconds=32.842034 norm=1.0000000000000313e+00
#SEP_MB_PROGRESS phase=reference step=7800 steps=8000 time_au=3900.00000000 elapsed_seconds=33.689551 norm=1.0000000000000300e+00
#SEP_MB_PROGRESS phase=reference step=8000 steps=8000 time_au=4000.00000000 elapsed_seconds=34.537141 norm=1.0000000000000306e+00
#SEP_MB_REFERENCE_ENCODING compact=1 bytes_per_state=8
#SEP_MB_TIMING reference_seconds=34.544261 reference_mpi=1 local_fock=32
#SEP_MB_PROGRESS phase=sampling master_completed=0 master_total=6 elapsed_seconds=0.012211
#SEP_MB_PROGRESS phase=sampling master_completed=1 master_total=6 elapsed_seconds=0.198796
#SEP_MB_PROGRESS phase=sampling master_completed=2 master_total=6 elapsed_seconds=0.386111
#SEP_MB_PROGRESS phase=sampling master_completed=3 master_total=6 elapsed_seconds=0.572351
#SEP_MB_PROGRESS phase=sampling master_completed=4 master_total=6 elapsed_seconds=0.758473
#SEP_MB_PROGRESS phase=sampling master_completed=5 master_total=6 elapsed_seconds=0.944661
#SEP_MB_PROGRESS phase=sampling master_completed=6 master_total=6 elapsed_seconds=1.131402
#SEP_MB_TIMING sampling_seconds=1.792751 skipped_zero_reference=3167167
#SEP_MB_RESOURCE max_rank_peak_rss_kb=15504 ranks=16
#SEP_MB_RESOURCE sum_rank_peak_rss_kb=218008 (sum of individual peaks, not simultaneous RSS)
